// Jest Snapshot v1, https://goo.gl/fbAQLP

exports[`ProgressBarContainer when initialized matches snapshot 1`] = `
ShallowWrapper {
  "length": 1,
  Symbol(enzyme.__root__): [Circular],
  Symbol(enzyme.__unrendered__): <ProgressBarContainer
    fillColor="#ccc"
    height={50}
    max={100}
    min={100}
    onDecrementClick={[Function]}
    onIncrementClick={[Function]}
    progress={50}
    width={400}
/>,
  Symbol(enzyme.__renderer__): Object {
    "batchedUpdates": [Function],
    "getNode": [Function],
    "render": [Function],
    "simulateEvent": [Function],
    "unmount": [Function],
  },
  Symbol(enzyme.__node__): Object {
    "instance": null,
    "key": undefined,
    "nodeType": "host",
    "props": Object {
      "children": <ProgressBar
        bgColor={undefined}
        borderRadius={undefined}
        borderStyle={undefined}
        demo={undefined}
        fillColor="#ccc"
        height={50}
        max={100}
        min={100}
        onDecrement={[Function]}
        onIncrement={[Function]}
        progress={0}
        transition={undefined}
        width={400}
/>,
      "className": "progress-bar-container",
    },
    "ref": null,
    "rendered": Object {
      "instance": null,
      "key": undefined,
      "nodeType": "function",
      "props": Object {
        "bgColor": undefined,
        "borderRadius": undefined,
        "borderStyle": undefined,
        "demo": undefined,
        "fillColor": "#ccc",
        "height": 50,
        "max": 100,
        "min": 100,
        "onDecrement": [Function],
        "onIncrement": [Function],
        "progress": 0,
        "transition": undefined,
        "width": 400,
      },
      "ref": null,
      "rendered": null,
      "type": [Function],
    },
    "type": "div",
  },
  Symbol(enzyme.__nodes__): Array [
    Object {
      "instance": null,
      "key": undefined,
      "nodeType": "host",
      "props": Object {
        "children": <ProgressBar
          bgColor={undefined}
          borderRadius={undefined}
          borderStyle={undefined}
          demo={undefined}
          fillColor="#ccc"
          height={50}
          max={100}
          min={100}
          onDecrement={[Function]}
          onIncrement={[Function]}
          progress={0}
          transition={undefined}
          width={400}
/>,
        "className": "progress-bar-container",
      },
      "ref": null,
      "rendered": Object {
        "instance": null,
        "key": undefined,
        "nodeType": "function",
        "props": Object {
          "bgColor": undefined,
          "borderRadius": undefined,
          "borderStyle": undefined,
          "demo": undefined,
          "fillColor": "#ccc",
          "height": 50,
          "max": 100,
          "min": 100,
          "onDecrement": [Function],
          "onIncrement": [Function],
          "progress": 0,
          "transition": undefined,
          "width": 400,
        },
        "ref": null,
        "rendered": null,
        "type": [Function],
      },
      "type": "div",
    },
  ],
  Symbol(enzyme.__options__): Object {
    "adapter": ReactSixteenAdapter {
      "options": Object {
        "enableComponentDidUpdateOnSetState": true,
      },
    },
  },
}
`;
